common.c:9:6:set	8	static
common.c:43:6:RNS_config	56	static
common.c:88:6:seeker_mode	40	static
common.c:236:6:lagori_func	40	static
common.c:453:6:lifting_func	16	static
common.c:631:6:hitter_mode	40	static
common.c:865:6:pp_runpath	32	static
common.c:945:6:pp_func	8	static
common.c:973:6:setPP_points	4	static
common.c:1107:6:button	72	static
common.c:1429:6:limit_sw	8	static
common.c:1452:6:analog_sr	8	static
common.c:1483:6:functest	8	static
common.c:1568:6:SERVO_getPulse	8	static
common.c:1578:6:KFilterAdjust	80	static
common.c:1659:6:enq	64	static
common.c:1797:6:Await	16	static
common.c:1812:6:ILI9341_Init_List	24	static
common.c:1826:6:ILI9341_Update_List	128	static
