dma.c:9:6:DMA1_Stream0_IRQHandler	8	static
dma.c:16:6:DMA1_Stream3_IRQHandler	8	static
dma.c:22:6:DMA1_Stream2_IRQHandler	8	static
dma.c:30:6:DMA1_Stream1_IRQHandler	8	static
dma.c:35:6:DMA1_Stream4_IRQHandler	8	static
dma.c:42:6:DMA1_Stream5_IRQHandler	8	static
dma.c:48:6:DMA1_Stream6_IRQHandler	8	static
dma.c:55:6:DMA1_Stream7_IRQHandler	8	static
dma.c:62:6:DMA2_Stream0_IRQHandler	4	static
dma.c:67:6:DMA2_Stream1_IRQHandler	8	static
dma.c:72:6:DMA2_Stream2_IRQHandler	8	static
dma.c:84:6:DMA2_Stream3_IRQHandler	8	static
dma.c:89:6:DMA2_Stream5_IRQHandler	8	static
