interrupt.c:21:6:NMI_Handler	4	static
interrupt.c:29:6:HardFault_Handler	4	static
interrupt.c:37:6:MemManage_Handler	4	static
interrupt.c:48:6:BusFault_Handler	4	static
interrupt.c:56:6:UsageFault_Handler	4	static
interrupt.c:72:6:DebugMon_Handler	4	static
interrupt.c:96:6:TIM1_UP_TIM10_IRQHandler	8	static
interrupt.c:118:6:TIM4_IRQHandler	8	static
interrupt.c:143:6:TIM8_UP_TIM13_IRQHandler	8	static
interrupt.c:165:6:TIM2_IRQHandler	8	static
interrupt.c:170:6:HAL_TIM_PeriodElapsedCallback	16	static
interrupt.c:183:6:HAL_I2C_MasterRxCpltCallback	16	static
interrupt.c:190:6:I2C1_EV_IRQHandler	8	static
interrupt.c:194:6:I2C1_ER_IRQHandler	8	static
interrupt.c:239:7:USART1_IRQHandler	8	static
interrupt.c:245:7:USART2_IRQHandler	8	static
interrupt.c:250:7:USART3_IRQHandler	8	static
interrupt.c:255:6:UART4_IRQHandler	8	static
interrupt.c:262:6:UART5_IRQHandler	8	static
interrupt.c:267:7:USART6_IRQHandler	8	static
